// Jest Snapshot v1, https://goo.gl/fbAQLP

exports[`components/sidebar/show_start_trial_modal should match snapshot 1`] = `""`;
