// Jest Snapshot v1, https://goo.gl/fbAQLP

exports[`more_direct_channels selector getChannelsWithUserProfiles 1`] = `
Array [
  Object {
    "display_name": "Unit Test some-name",
    "name": "some-name",
    "profiles": Array [
      Object {
        "id": "user2",
        "password": "password",
        "username": "user2",
      },
      Object {
        "id": "user3",
        "password": "password",
        "username": "user3",
      },
    ],
    "type": "G",
  },
]
`;
