// Jest Snapshot v1, https://goo.gl/fbAQLP

exports[`components/integrations/AddOAuthApp should match snapshot 1`] = `
<AbstractOAuthApp
  action={[Function]}
  footer={
    Object {
      "defaultMessage": "Save",
      "id": "installed_oauth_apps.save",
    }
  }
  header={
    Object {
      "defaultMessage": "Add",
      "id": "add_oauth_app.header",
    }
  }
  renderExtra=""
  serverError=""
  team={
    Object {
      "id": "dbcxd9wpzpbpfp8pad78xj12pr",
      "name": "test",
    }
  }
/>
`;
