// Jest Snapshot v1, https://goo.gl/fbAQLP

exports[`components/post_view/FloatingTimestamp should match snapshot 1`] = `
<div
  className="post-list__timestamp scrolling toastAdjustment"
  data-testid="floatingTimestamp"
>
  <div>
    <span>
      <Connect(injectIntl(Timestamp))
        ranges={
          Array [
            Object {
              "display": <FormattedMessage
                defaultMessage="Today"
                id="date_separator.today"
              />,
              "equals": Array [
                "day",
                0,
              ],
            },
            Object {
              "display": <FormattedMessage
                defaultMessage="Yesterday"
                id="date_separator.yesterday"
              />,
              "equals": Array [
                "day",
                -1,
              ],
            },
          ]
        }
        useTime={false}
        value={1234}
      />
    </span>
  </div>
</div>
`;
