// Jest Snapshot v1, https://goo.gl/fbAQLP

exports[`components/ChannelHeaderDropdown/MenuItem.SetChannelPurpose should match snapshot 1`] = `
<Connect(ChannelPermissionGate)
  channelId="channel_id"
  permissions={
    Array [
      "manage_public_channel_properties",
    ]
  }
  teamId="team_id"
>
  <li
    role="presentation"
  >
    <Connect(ModalToggleButtonRedux)
      dialogProps={
        Object {
          "channel": Object {
            "id": "channel_id",
            "team_id": "team_id",
            "type": "O",
          },
        }
      }
      dialogType={[Function]}
      modalId="edit_channel_purpose"
      role="menuitem"
    >
      <FormattedMessage
        defaultMessage="Edit Channel Purpose"
        id="channel_header.setPurpose"
        values={Object {}}
      />
    </Connect(ModalToggleButtonRedux)>
  </li>
</Connect(ChannelPermissionGate)>
`;
