// Jest Snapshot v1, https://goo.gl/fbAQLP

exports[`components/submenu_modal should match snapshot 1`] = `
<Modal
  animation={true}
  autoFocus={true}
  backdrop={true}
  bsClass="modal"
  dialogClassName="SubMenuModal a11y__modal mobile-sub-menu"
  dialogComponentClass={[Function]}
  enforceFocus={false}
  id="submenuModal"
  keyboard={true}
  manager={
    ModalManager {
      "add": [Function],
      "containers": Array [],
      "data": Array [],
      "handleContainerOverflow": true,
      "hideSiblingNodes": true,
      "isTopModal": [Function],
      "modals": Array [],
      "remove": [Function],
    }
  }
  onExited={[MockFunction]}
  onHide={[Function]}
  renderBackdrop={[Function]}
  restoreFocus={true}
  role="dialog"
  show={true}
>
  <ModalBody
    bsClass="modal-body"
    componentClass="div"
    onClick={[Function]}
  >
    <MenuWrapper
      animationComponent={[Function]}
      className=""
    >
      <Menu
        ariaLabel="mobile submenu"
        openLeft={true}
      >
        <SubMenuItem
          action={[MockFunction]}
          id="A"
          key="A"
          root={false}
          show={true}
          text="Text A"
          xOffset={0}
        />
        <SubMenuItem
          action={[MockFunction]}
          id="B"
          key="B"
          root={false}
          show={true}
          subMenu={
            Array [
              Object {
                "action": [MockFunction],
                "id": "C",
                "text": "Text C",
              },
            ]
          }
          text="Text B"
          xOffset={0}
        />
      </Menu>
      <div />
    </MenuWrapper>
  </ModalBody>
</Modal>
`;
