// Jest Snapshot v1, https://goo.gl/fbAQLP

exports[`components/select_team/SelectTeam should match snapshot 1`] = `
<div>
  <Connect(AnnouncementBarController) />
  <BackButton
    url="/"
  />
  <div
    className="col-sm-12"
  >
    <div
      className="select-team__container signup-team__container"
    >
      <img
        alt="signup team logo"
        className="signup-team-logo"
        src={null}
      />
      <SiteNameAndDescription
        siteName="Mattermost"
      />
      <div
        className="signup__content"
        id="teamsYouCanJoinContent"
      >
        <h4>
          <FormattedMessage
            defaultMessage="Teams you can join: "
            id="signup_team.join_open"
          />
        </h4>
        <InfiniteScroll
          bufferValue={280}
          callBack={[Function]}
          endOfDataMessage=""
          itemsPerPage={30}
          loaderStyle={
            Object {
              "height": "40px",
              "padding": "0px",
            }
          }
          pageNumber={0}
          styleClass="signup-team-all"
          totalItems={15}
        >
          <div
            className="signup-team-dir-err"
          >
            <div>
              <FormattedMessage
                defaultMessage="No teams are available to join. Please create a new team or ask your administrator for an invite."
                id="signup_team.no_open_teams_canCreate"
              />
            </div>
          </div>
        </InfiniteScroll>
      </div>
      <Connect(SystemPermissionGate)
        permissions={
          Array [
            "create_team",
          ]
        }
      >
        <div
          className="margin--extra"
          style={
            Object {
              "marginTop": "0.5em",
            }
          }
        >
          <Link
            className="signup-team-login"
            id="createNewTeamLink"
            onClick={[Function]}
            to="/create_team"
          >
            <FormattedMessage
              defaultMessage="Create a team"
              id="login.createTeam"
            />
          </Link>
        </div>
      </Connect(SystemPermissionGate)>
      <Connect(SystemPermissionGate)
        permissions={
          Array [
            "manage_system",
          ]
        }
      >
        <div
          className="mt-8 hidden-xs"
        >
          <Link
            className="signup-team-login"
            onClick={[Function]}
            to="/admin_console"
          >
            <FormattedMessage
              defaultMessage="Go to System Console"
              id="signup_team_system_console"
            />
          </Link>
        </div>
      </Connect(SystemPermissionGate)>
    </div>
  </div>
</div>
`;

exports[`components/select_team/SelectTeam should match snapshot, on error 1`] = `
<div>
  <Connect(AnnouncementBarController) />
  <BackButton
    onClick={[Function]}
    url="/"
  />
  <div
    className="col-sm-12"
  >
    <div
      className="select-team__container signup-team__container"
    >
      <img
        alt="signup team logo"
        className="signup-team-logo"
        src={null}
      />
      <SiteNameAndDescription
        siteName="Mattermost"
      />
      <div
        className="signup__content"
      >
        <div
          className="form-group has-error"
        >
          <label
            className="control-label"
          >
            <Component />
          </label>
        </div>
      </div>
      <Connect(SystemPermissionGate)
        permissions={
          Array [
            "create_team",
          ]
        }
      >
        <div
          className="margin--extra"
          style={
            Object {
              "marginTop": "0.5em",
            }
          }
        >
          <Link
            className="signup-team-login"
            id="createNewTeamLink"
            onClick={[Function]}
            to="/create_team"
          >
            <FormattedMessage
              defaultMessage="Create a team"
              id="login.createTeam"
            />
          </Link>
        </div>
      </Connect(SystemPermissionGate)>
      <Connect(SystemPermissionGate)
        permissions={
          Array [
            "manage_system",
          ]
        }
      >
        <div
          className="mt-8 hidden-xs"
        >
          <Link
            className="signup-team-login"
            onClick={[Function]}
            to="/admin_console"
          >
            <FormattedMessage
              defaultMessage="Go to System Console"
              id="signup_team_system_console"
            />
          </Link>
        </div>
      </Connect(SystemPermissionGate)>
    </div>
  </div>
</div>
`;

exports[`components/select_team/SelectTeam should match snapshot, on loading 1`] = `
<div>
  <Connect(AnnouncementBarController) />
  <BackButton
    url="/"
  />
  <div
    className="col-sm-12"
  >
    <div
      className="select-team__container signup-team__container"
    >
      <img
        alt="signup team logo"
        className="signup-team-logo"
        src={null}
      />
      <SiteNameAndDescription
        siteName="Mattermost"
      />
      <LoadingScreen
        position="relative"
        style={Object {}}
      />
      <Connect(SystemPermissionGate)
        permissions={
          Array [
            "create_team",
          ]
        }
      >
        <div
          className="margin--extra"
          style={
            Object {
              "marginTop": "0.5em",
            }
          }
        >
          <Link
            className="signup-team-login"
            id="createNewTeamLink"
            onClick={[Function]}
            to="/create_team"
          >
            <FormattedMessage
              defaultMessage="Create a team"
              id="login.createTeam"
            />
          </Link>
        </div>
      </Connect(SystemPermissionGate)>
      <Connect(SystemPermissionGate)
        permissions={
          Array [
            "manage_system",
          ]
        }
      >
        <div
          className="mt-8 hidden-xs"
        >
          <Link
            className="signup-team-login"
            onClick={[Function]}
            to="/admin_console"
          >
            <FormattedMessage
              defaultMessage="Go to System Console"
              id="signup_team_system_console"
            />
          </Link>
        </div>
      </Connect(SystemPermissionGate)>
    </div>
  </div>
</div>
`;

exports[`components/select_team/SelectTeam should match snapshot, on no joinable team and is not system admin nor can create team 1`] = `
<div>
  <Connect(AnnouncementBarController) />
  <BackButton
    url="/"
  />
  <div
    className="col-sm-12"
  >
    <div
      className="select-team__container signup-team__container"
    >
      <img
        alt="signup team logo"
        className="signup-team-logo"
        src={null}
      />
      <SiteNameAndDescription
        siteName="Mattermost"
      />
      <div
        className="signup__content"
        id="teamsYouCanJoinContent"
      >
        <h4>
          <FormattedMessage
            defaultMessage="Teams you can join: "
            id="signup_team.join_open"
          />
        </h4>
        <InfiniteScroll
          bufferValue={280}
          callBack={[Function]}
          endOfDataMessage=""
          itemsPerPage={30}
          loaderStyle={
            Object {
              "height": "40px",
              "padding": "0px",
            }
          }
          pageNumber={0}
          styleClass="signup-team-all"
          totalItems={15}
        >
          <div
            className="signup-team-dir-err"
          >
            <div>
              <Connect(SystemPermissionGate)
                permissions={
                  Array [
                    "create_team",
                  ]
                }
              >
                <FormattedMessage
                  defaultMessage="No teams are available to join. Please create a new team or ask your administrator for an invite."
                  id="signup_team.no_open_teams_canCreate"
                />
              </Connect(SystemPermissionGate)>
              <Connect(SystemPermissionGate)
                invert={true}
                permissions={
                  Array [
                    "create_team",
                  ]
                }
              >
                <FormattedMessage
                  defaultMessage="No teams are available to join. Please ask your administrator for an invite."
                  id="signup_team.no_open_teams"
                />
              </Connect(SystemPermissionGate)>
            </div>
          </div>
        </InfiniteScroll>
      </div>
      <Connect(SystemPermissionGate)
        permissions={
          Array [
            "create_team",
          ]
        }
      >
        <div
          className="margin--extra"
          style={
            Object {
              "marginTop": "0.5em",
            }
          }
        >
          <Link
            className="signup-team-login"
            id="createNewTeamLink"
            onClick={[Function]}
            to="/create_team"
          >
            <FormattedMessage
              defaultMessage="Create a team"
              id="login.createTeam"
            />
          </Link>
        </div>
      </Connect(SystemPermissionGate)>
      <Connect(SystemPermissionGate)
        permissions={
          Array [
            "manage_system",
          ]
        }
      >
        <div
          className="mt-8 hidden-xs"
        >
          <Link
            className="signup-team-login"
            onClick={[Function]}
            to="/admin_console"
          >
            <FormattedMessage
              defaultMessage="Go to System Console"
              id="signup_team_system_console"
            />
          </Link>
        </div>
      </Connect(SystemPermissionGate)>
    </div>
  </div>
</div>
`;

exports[`components/select_team/SelectTeam should match snapshot, on no joinable team and user is guest 1`] = `
<div>
  <Connect(AnnouncementBarController) />
  <BackButton
    url="/"
  />
  <div
    className="col-sm-12"
  >
    <div
      className="select-team__container signup-team__container"
    >
      <img
        alt="signup team logo"
        className="signup-team-logo"
        src={null}
      />
      <SiteNameAndDescription
        siteName="Mattermost"
      />
      <div
        className="signup__content"
      >
        <div
          className="form-group has-error"
        >
          <label
            className="control-label"
          >
            <FormattedMessage
              defaultMessage="Your guest account has no channels assigned. Please contact an administrator."
              id="signup_team.guest_without_channels"
            />
          </label>
        </div>
      </div>
      <Connect(SystemPermissionGate)
        permissions={
          Array [
            "create_team",
          ]
        }
      >
        <div
          className="margin--extra"
          style={
            Object {
              "marginTop": "0.5em",
            }
          }
        >
          <Link
            className="signup-team-login"
            id="createNewTeamLink"
            onClick={[Function]}
            to="/create_team"
          >
            <FormattedMessage
              defaultMessage="Create a team"
              id="login.createTeam"
            />
          </Link>
        </div>
      </Connect(SystemPermissionGate)>
      <Connect(SystemPermissionGate)
        permissions={
          Array [
            "manage_system",
          ]
        }
      >
        <div
          className="mt-8 hidden-xs"
        >
          <Link
            className="signup-team-login"
            onClick={[Function]}
            to="/admin_console"
          >
            <FormattedMessage
              defaultMessage="Go to System Console"
              id="signup_team_system_console"
            />
          </Link>
        </div>
      </Connect(SystemPermissionGate)>
    </div>
  </div>
</div>
`;

exports[`components/select_team/SelectTeam should match snapshot, on no joinable team but can create team 1`] = `
<div>
  <Connect(AnnouncementBarController) />
  <BackButton
    url="/"
  />
  <div
    className="col-sm-12"
  >
    <div
      className="select-team__container signup-team__container"
    >
      <img
        alt="signup team logo"
        className="signup-team-logo"
        src={null}
      />
      <SiteNameAndDescription
        siteName="Mattermost"
      />
      <div
        className="signup__content"
        id="teamsYouCanJoinContent"
      >
        <h4>
          <FormattedMessage
            defaultMessage="Teams you can join: "
            id="signup_team.join_open"
          />
        </h4>
        <InfiniteScroll
          bufferValue={280}
          callBack={[Function]}
          endOfDataMessage=""
          itemsPerPage={30}
          loaderStyle={
            Object {
              "height": "40px",
              "padding": "0px",
            }
          }
          pageNumber={0}
          styleClass="signup-team-all"
          totalItems={15}
        >
          <div
            className="signup-team-dir-err"
          >
            <div>
              <FormattedMessage
                defaultMessage="No teams are available to join. Please create a new team or ask your administrator for an invite."
                id="signup_team.no_open_teams_canCreate"
              />
            </div>
          </div>
        </InfiniteScroll>
      </div>
      <Connect(SystemPermissionGate)
        permissions={
          Array [
            "create_team",
          ]
        }
      >
        <div
          className="margin--extra"
          style={
            Object {
              "marginTop": "0.5em",
            }
          }
        >
          <Link
            className="signup-team-login"
            id="createNewTeamLink"
            onClick={[Function]}
            to="/create_team"
          >
            <FormattedMessage
              defaultMessage="Create a team"
              id="login.createTeam"
            />
          </Link>
        </div>
      </Connect(SystemPermissionGate)>
      <Connect(SystemPermissionGate)
        permissions={
          Array [
            "manage_system",
          ]
        }
      >
        <div
          className="mt-8 hidden-xs"
        >
          <Link
            className="signup-team-login"
            onClick={[Function]}
            to="/admin_console"
          >
            <FormattedMessage
              defaultMessage="Go to System Console"
              id="signup_team_system_console"
            />
          </Link>
        </div>
      </Connect(SystemPermissionGate)>
    </div>
  </div>
</div>
`;
