// Jest Snapshot v1, https://goo.gl/fbAQLP

exports[`components/tutorial/tutorial_tip_legacy/tutorial_tip_legacy should match snapshot 1`] = `
<div
  className="tip-div "
  id="tipButton"
  onClick={[Function]}
>
  <PulsatingDot
    onClick={[Function]}
    targetRef={
      Object {
        "current": null,
      }
    }
  />
  <Overlay
    animation={[Function]}
    placement="right"
    rootClose={false}
    show={false}
  >
    <TutorialTipBackdrop />
  </Overlay>
  <Overlay
    animation={[Function]}
    onHide={[Function]}
    placement="right"
    rootClose={true}
    show={false}
    target={[Function]}
  >
    <div
      className="tip-overlay "
      data-testid="current_tutorial_tip"
    >
      <div
        className="arrow"
      />
      <div
        className="tutorial-tip__header"
      >
        <h4
          className="tutorial-tip__header__title"
        >
          title
        </h4>
        <button
          className="tutorial-tip__header__close"
          data-testid="close_tutorial_tip"
          onClick={[Function]}
        >
          <i
            className="icon icon-close"
          />
        </button>
      </div>
      <div
        className="tutorial-tip__body"
      />
      <div
        className="tutorial-tip__footer"
      >
        <div
          className="tutorial-tip__footer-buttons"
        >
          <div
            className="tutorial-tip__circles-ctr"
          />
          <div
            className="tutorial-tip__btn-ctr"
          >
            <button
              className="tutorial-tip__btn tutorial-tip__confirm-btn"
              id="tipNextButton"
              onClick={[Function]}
            >
              <MemoizedFormattedMessage
                defaultMessage="Next"
                id="tutorial_tip.ok"
              />
              <i
                className="icon icon-chevron-right"
              />
            </button>
          </div>
        </div>
      </div>
    </div>
  </Overlay>
</div>
`;
