// Jest Snapshot v1, https://goo.gl/fbAQLP

exports[`components/activity_and_insights/insights/top_dms_and_new_members/new_members_total should match snapshot with team 1`] = `
<div
  className="new-members-item new-members-info"
>
  <span
    className="total-count"
  >
    2
  </span>
  <div
    className="members-info"
  >
    <span
      className="time-range-info"
    >
      Joined the team in the last 7 days
    </span>
    <button
      className="see-all-button"
      onClick={[Function]}
    >
      See all
      <i
        className="icon icon-chevron-right"
      />
    </button>
  </div>
</div>
`;
